// Vitest Snapshot v1, https://vitest.dev/guide/snapshot.html

exports[`index.vue rollup tiles > matches its rollup-grid snapshot with live data 1`] = `
"<div data-v-16d9afef="" class="rollup-grid">
  <div data-v-16d9afef="" class="card rollup-tile"><span class="metric-label">MRR · ALL APPS</span>
    <div class="value-row"><span class="display-num rollup-value">$2,145</span><span class="delta ok">▲ 8.2%</span></div><svg width="100%" height="46" viewBox="0 0 320 72" preserveAspectRatio="none" role="img" aria-label="Monthly recurring revenue across all apps over the last 30 days" class="rollup-spark">
      <path d="M0.00 68.00 L320.00 4.00 L320 72 L0 72 Z" fill="color-mix(in srgb, #f2f2f5 8%, transparent)"></path>
      <path d="M0.00 68.00 L320.00 4.00" fill="none" stroke="var(--ink)" stroke-width="2.6" vector-effect="non-scaling-stroke" stroke-linecap="round" stroke-linejoin="round"></path>
    </svg>
  </div>
  <div data-v-16d9afef="" class="card rollup-tile"><span class="metric-label">ACTIVE SUBSCRIBERS</span>
    <div class="value-row"><span class="display-num rollup-value">401</span><span class="delta ok">▲ 22</span></div>
    <ul data-v-5cd44a83="" class="stat-list rollup-list">
      <li data-v-5cd44a83="" class="stat-row"><span data-v-5cd44a83="" class="swatch" style="background: #FFB020;"></span><span data-v-5cd44a83="" class="label">basin.fm</span><span data-v-5cd44a83="" class="value">126</span>
        <!--v-if-->
      </li>
      <li data-v-5cd44a83="" class="stat-row"><span data-v-5cd44a83="" class="swatch" style="background: #FF3EA5;"></span><span data-v-5cd44a83="" class="label">markpost.io</span><span data-v-5cd44a83="" class="value">220</span>
        <!--v-if-->
      </li>
      <li data-v-5cd44a83="" class="stat-row"><span data-v-5cd44a83="" class="swatch" style="background: #22D3EE;"></span><span data-v-5cd44a83="" class="label">farflung.io</span><span data-v-5cd44a83="" class="value">55</span>
        <!--v-if-->
      </li>
    </ul>
  </div>
  <div data-v-16d9afef="" class="card rollup-tile"><span class="metric-label">SESSIONS · 30 DAYS</span>
    <div class="value-row"><span class="display-num rollup-value">61.3K</span><span class="delta muted">▼ 1.4%</span></div>
    <ul data-v-5cd44a83="" class="stat-list rollup-list">
      <li data-v-5cd44a83="" class="stat-row">
        <!--v-if--><span data-v-5cd44a83="" class="label">Organic search</span><span data-v-5cd44a83="" class="value">51%</span>
        <!--v-if-->
      </li>
      <li data-v-5cd44a83="" class="stat-row">
        <!--v-if--><span data-v-5cd44a83="" class="label">Direct</span><span data-v-5cd44a83="" class="value">28%</span>
        <!--v-if-->
      </li>
      <li data-v-5cd44a83="" class="stat-row">
        <!--v-if--><span data-v-5cd44a83="" class="label">Referral &amp; social</span><span data-v-5cd44a83="" class="value">15%</span>
        <!--v-if-->
      </li>
      <li data-v-5cd44a83="" class="stat-row">
        <!--v-if--><span data-v-5cd44a83="" class="label">Other</span><span data-v-5cd44a83="" class="value">6%</span>
        <!--v-if-->
      </li>
    </ul>
  </div>
  <div data-v-a655d826="" data-v-16d9afef="" class="card rollup-tile issues-tile">
    <div data-v-a655d826="" class="issues-head"><svg data-v-a655d826="" class="ico" width="12" height="12" viewBox="0 0 24 24" fill="none" stroke="currentColor" stroke-width="1.5" stroke-linecap="round" stroke-linejoin="round">
        <path d="m21.73 18-8-14a2 2 0 0 0-3.48 0l-8 14A2 2 0 0 0 4 21h16a2 2 0 0 0 1.73-3Z"></path>
        <line x1="12" y1="9" x2="12" y2="13"></line>
        <line x1="12" y1="17" x2="12.01" y2="17"></line>
      </svg><span data-v-a655d826="" class="issues-label">OPEN ISSUES</span></div>
    <div data-v-a655d826="" class="value-row"><span class="display-num rollup-value">11</span><span class="delta muted">+3 since yesterday</span></div>
    <ul data-v-5cd44a83="" data-v-a655d826="" class="stat-list rollup-list">
      <li data-v-5cd44a83="" class="stat-row"><span data-v-5cd44a83="" class="swatch" style="background: #FFB020;"></span><span data-v-5cd44a83="" class="label">basin.fm</span><span data-v-5cd44a83="" class="value">6</span>
        <!--v-if-->
      </li>
      <li data-v-5cd44a83="" class="stat-row"><span data-v-5cd44a83="" class="swatch" style="background: #FF3EA5;"></span><span data-v-5cd44a83="" class="label">markpost.io</span><span data-v-5cd44a83="" class="value">4</span>
        <!--v-if-->
      </li>
      <li data-v-5cd44a83="" class="stat-row"><span data-v-5cd44a83="" class="swatch" style="background: #A78BFA;"></span><span data-v-5cd44a83="" class="label">danholloran.me</span><span data-v-5cd44a83="" class="value">1</span>
        <!--v-if-->
      </li>
    </ul>
  </div>
</div>"
`;

exports[`index.vue sessions panel > matches its sessions-panel snapshot with no data 1`] = `
"<div data-v-93610f64="" data-v-16d9afef="" class="card sessions-panel">
  <div data-v-93610f64="" class="sessions-chart">
    <div data-v-93610f64="" class="panel-head"><span data-v-93610f64="" class="panel-title">Sessions by property</span><span data-v-93610f64="" class="panel-meta">GOOGLE ANALYTICS · DAILY</span></div>
    <p data-v-93610f64="" class="sessions-empty"> No session data synced yet. </p>
  </div>
  <div data-v-93610f64="" class="totals"><span data-v-93610f64="" class="metric-label totals-label">30-DAY TOTAL</span>
    <p data-v-93610f64="" class="sessions-empty">No session data synced yet.</p>
  </div>
</div>"
`;

exports[`index.vue sessions panel > matches its sessions-panel snapshot with real-shaped data 1`] = `
"<div data-v-93610f64="" data-v-16d9afef="" class="card sessions-panel">
  <div data-v-93610f64="" class="sessions-chart">
    <div data-v-93610f64="" class="panel-head"><span data-v-93610f64="" class="panel-title">Sessions by property</span><span data-v-93610f64="" class="panel-meta">GOOGLE ANALYTICS · DAILY</span></div><svg data-v-74709ba4="" data-v-93610f64="" class="multi-chart" width="100%" height="200" viewBox="0 0 900 200" preserveAspectRatio="none" role="img" aria-label="Daily sessions for 2 properties.">
      <line x1="0" y1="14" x2="900" y2="14" stroke="var(--line-3)" stroke-width="1" data-v-74709ba4=""></line>
      <line x1="0" y1="60.5" x2="900" y2="60.5" stroke="var(--line-3)" stroke-width="1" data-v-74709ba4=""></line>
      <line x1="0" y1="107" x2="900" y2="107" stroke="var(--line-3)" stroke-width="1" data-v-74709ba4=""></line>
      <line x1="0" y1="153.5" x2="900" y2="153.5" stroke="var(--line-3)" stroke-width="1" data-v-74709ba4=""></line>
      <line x1="0" y1="199" x2="900" y2="199" stroke="var(--line)" stroke-width="1" data-v-74709ba4=""></line>
      <path data-v-74709ba4="" d="M0.00 132.00 L300.00 89.33 L600.00 110.67 L900.00 4.00" fill="none" stroke="#FFB020" stroke-width="2" vector-effect="non-scaling-stroke" stroke-linecap="round" stroke-linejoin="round"></path>
      <path data-v-74709ba4="" d="M0.00 196.00 L300.00 185.33 L600.00 164.00 L900.00 142.67" fill="none" stroke="#FF3EA5" stroke-width="2" vector-effect="non-scaling-stroke" stroke-linecap="round" stroke-linejoin="round"></path>
      <circle data-v-74709ba4="" cx="900" cy="4" r="3.5" fill="#FFB020" stroke="var(--surface)" stroke-width="2"></circle>
      <circle data-v-74709ba4="" cx="900" cy="142.67" r="3.5" fill="#FF3EA5" stroke="var(--surface)" stroke-width="2"></circle>
    </svg>
    <div data-v-5654670f="" data-v-93610f64="" class="axis-row"><span data-v-5654670f="">01 SEP</span><span data-v-5654670f="">02 SEP</span><span data-v-5654670f="">04 SEP</span></div>
  </div>
  <div data-v-93610f64="" class="totals"><span data-v-93610f64="" class="metric-label totals-label">30-DAY TOTAL</span>
    <ul data-v-5cd44a83="" data-v-93610f64="" class="stat-list divided">
      <li data-v-5cd44a83="" class="stat-row"><span data-v-5cd44a83="" class="swatch" style="background: #FFB020;"></span><span data-v-5cd44a83="" class="label">basin.fm</span><span data-v-5cd44a83="" class="value">8.6K</span><span data-v-5cd44a83="" class="row-delta ok">▲ 22.0%</span></li>
      <li data-v-5cd44a83="" class="stat-row"><span data-v-5cd44a83="" class="swatch" style="background: #FF3EA5;"></span><span data-v-5cd44a83="" class="label">markpost.io</span><span data-v-5cd44a83="" class="value">6.2K</span><span data-v-5cd44a83="" class="row-delta ok">▲ 38.0%</span></li>
    </ul>
  </div>
</div>"
`;
