// Vitest Snapshot v1, https://vitest.dev/guide/snapshot.html

exports[`AppDetailWriting > matches its tile-grid snapshot 1`] = `
"<div data-v-9aaccbc6="" class="tile-grid">
  <div data-v-d6008d9b="" data-v-9aaccbc6="" class="card tile">
    <div data-v-d6008d9b="" class="tile-head">
      <!--v-if--><span data-v-d6008d9b="" class="tile-label">SESSIONS · OWN SITE</span>
    </div>
    <div data-v-d6008d9b="" class="value-row"><span data-v-d6008d9b="" class="value display-num">12.4K</span><span data-v-d6008d9b="" class="delta ok">▲ 44%</span></div>
    <div data-v-d6008d9b="" class="sub">8.6K last month</div>
  </div>
  <div data-v-d6008d9b="" data-v-9aaccbc6="" class="card tile">
    <div data-v-d6008d9b="" class="tile-head">
      <!--v-if--><span data-v-d6008d9b="" class="tile-label">SYNDICATED VIEWS</span>
    </div>
    <div data-v-d6008d9b="" class="value-row"><span data-v-d6008d9b="" class="value display-num">8,914</span><span data-v-d6008d9b="" class="delta ok">▲ 12%</span></div>
    <div data-v-d6008d9b="" class="sub">across 4 platforms</div>
  </div>
  <div data-v-d6008d9b="" data-v-9aaccbc6="" class="card tile">
    <div data-v-d6008d9b="" class="tile-head">
      <!--v-if--><span data-v-d6008d9b="" class="tile-label">POSTS PUBLISHED</span>
    </div>
    <div data-v-d6008d9b="" class="value-row"><span data-v-d6008d9b="" class="value display-num">3</span><span data-v-d6008d9b="" class="delta muted">this month</span></div>
    <div data-v-d6008d9b="" class="sub">2 dev · 1 travel</div>
  </div>
  <div data-v-d6008d9b="" data-v-9aaccbc6="" class="card tile warn">
    <div data-v-d6008d9b="" class="tile-head"><svg data-v-d6008d9b="" class="ico" width="12" height="12" viewBox="0 0 24 24" fill="none" stroke="currentColor" stroke-width="1.5" stroke-linecap="round" stroke-linejoin="round">
        <path d="m21.73 18-8-14a2 2 0 0 0-3.48 0l-8 14A2 2 0 0 0 4 21h16a2 2 0 0 0 1.73-3Z"></path>
        <line x1="12" y1="9" x2="12" y2="13"></line>
        <line x1="12" y1="17" x2="12.01" y2="17"></line>
      </svg><span data-v-d6008d9b="" class="tile-label">CROSS-POST FAILURES</span></div>
    <div data-v-d6008d9b="" class="value-row"><span data-v-d6008d9b="" class="value display-num">1</span><span data-v-d6008d9b="" class="delta muted">ZyVOP</span></div>
    <div data-v-d6008d9b="" class="sub">API 502 · retry queued</div>
  </div>
</div>"
`;
