// Vitest Snapshot v1, https://vitest.dev/guide/snapshot.html

exports[`AppDetailMarketing > matches its tile-grid snapshot 1`] = `
"<div data-v-71379453="" data-v-86945382="" class="tile-grid">
  <div data-v-d6008d9b="" data-v-71379453="" class="card tile">
    <div data-v-d6008d9b="" class="tile-head">
      <!--v-if--><span data-v-d6008d9b="" class="tile-label">SESSIONS</span>
    </div>
    <div data-v-d6008d9b="" class="value-row"><span data-v-d6008d9b="" class="value display-num">6,104</span>
      <!--v-if-->
    </div>
    <div data-v-d6008d9b="" class="sub">Synced 19 SEP 2026</div>
  </div>
  <div data-v-d6008d9b="" data-v-71379453="" class="card tile">
    <div data-v-d6008d9b="" class="tile-head">
      <!--v-if--><span data-v-d6008d9b="" class="tile-label">USERS</span>
    </div>
    <div data-v-d6008d9b="" class="value-row"><span data-v-d6008d9b="" class="value display-num">—</span>
      <!--v-if-->
    </div>
    <div data-v-d6008d9b="" class="sub">Not synced yet</div>
  </div>
  <div data-v-d6008d9b="" data-v-71379453="" class="card tile">
    <div data-v-d6008d9b="" class="tile-head">
      <!--v-if--><span data-v-d6008d9b="" class="tile-label">NEW USERS</span>
    </div>
    <div data-v-d6008d9b="" class="value-row"><span data-v-d6008d9b="" class="value display-num">—</span>
      <!--v-if-->
    </div>
    <div data-v-d6008d9b="" class="sub">Not synced yet</div>
  </div>
  <div data-v-d6008d9b="" data-v-71379453="" class="card tile">
    <div data-v-d6008d9b="" class="tile-head">
      <!--v-if--><span data-v-d6008d9b="" class="tile-label">OPEN ISSUES</span>
    </div>
    <div data-v-d6008d9b="" class="value-row"><span data-v-d6008d9b="" class="value display-num">0</span>
      <!--v-if-->
    </div>
    <div data-v-d6008d9b="" class="sub">Synced 19 SEP 2026</div>
  </div>
</div>"
`;

exports[`AppDetailMarketing > matches its traffic sources list snapshot 1`] = `
"<div data-v-b28e9303="" class="traffic-list"><span data-v-b28e9303="" class="metric-label">TRAFFIC SOURCES</span>
  <ul data-v-5cd44a83="" data-v-b28e9303="" class="stat-list divided">
    <li data-v-5cd44a83="" class="stat-row">
      <!--v-if--><span data-v-5cd44a83="" class="label">Direct</span><span data-v-5cd44a83="" class="value">38%</span>
      <!--v-if-->
    </li>
    <li data-v-5cd44a83="" class="stat-row">
      <!--v-if--><span data-v-5cd44a83="" class="label">Organic search</span><span data-v-5cd44a83="" class="value">17%</span>
      <!--v-if-->
    </li>
  </ul>
</div>"
`;
