// Vitest Snapshot v1, https://vitest.dev/guide/snapshot.html

exports[`Ga4ViewLink > matches its snapshot 1`] = `"<a data-v-35515a51="" class="ga4-view-link" href="https://analytics.google.com/analytics/web/#/p412345678/reports/intelligenthome" target="_blank" rel="noopener noreferrer"> View<span data-v-35515a51="" class="visually-hidden"> in Google Analytics (opens in a new tab)</span></a>"`;
