// Vitest Snapshot v1, https://vitest.dev/guide/snapshot.html

exports[`RollupIssuesTile > matches its snapshot 1`] = `
"<div data-v-a655d826="" id="alerts" class="card rollup-tile issues-tile">
  <div data-v-a655d826="" class="issues-head"><svg data-v-a655d826="" class="ico" width="12" height="12" viewBox="0 0 24 24" fill="none" stroke="currentColor" stroke-width="1.5" stroke-linecap="round" stroke-linejoin="round">
      <path d="m21.73 18-8-14a2 2 0 0 0-3.48 0l-8 14A2 2 0 0 0 4 21h16a2 2 0 0 0 1.73-3Z"></path>
      <line x1="12" y1="9" x2="12" y2="13"></line>
      <line x1="12" y1="17" x2="12.01" y2="17"></line>
    </svg><span data-v-a655d826="" class="issues-label">OPEN ISSUES</span></div>
  <div data-v-a655d826="" class="value-row"><span class="display-num rollup-value">11</span><span class="delta muted">3 new today</span></div>
  <ul data-v-5cd44a83="" data-v-a655d826="" class="stat-list rollup-list">
    <li data-v-5cd44a83="" class="stat-row">
      <!--v-if--><span data-v-5cd44a83="" class="label">basin.fm</span><span data-v-5cd44a83="" class="value">6</span>
      <!--v-if-->
    </li>
  </ul>
</div>"
`;
