// Vitest Snapshot v1, https://vitest.dev/guide/snapshot.html

exports[`SyndicationPostMatrix > matches its snapshot 1`] = `
"<div data-v-bcce6923="" class="post-matrix"><span data-v-bcce6923="" class="metric-label">RECENT POSTS × PLATFORM</span>
  <div data-v-bcce6923="" class="matrix-head"><span data-v-bcce6923="" class="col-post">POST</span><span data-v-bcce6923="" class="col-cell">MEDIUM</span><span data-v-bcce6923="" class="col-cell">HASHNODE</span><span data-v-bcce6923="" class="col-cell">DEV.TO</span><span data-v-bcce6923="" class="col-cell">ZYVOP</span></div>
  <ul data-v-bcce6923="" class="matrix-rows">
    <li data-v-bcce6923="" class="matrix-row"><span data-v-bcce6923="" class="col-post">Shipping a Nuxt site with an agent that never sleeps</span><span data-v-bcce6923="" class="col-cell"><span data-v-bcce6923="" class="cell-pill live">✓ LIVE</span></span><span data-v-bcce6923="" class="col-cell"><span data-v-bcce6923="" class="cell-pill live">✓ LIVE</span></span><span data-v-bcce6923="" class="col-cell"><span data-v-bcce6923="" class="cell-pill live">✓ LIVE</span></span><span data-v-bcce6923="" class="col-cell"><span data-v-bcce6923="" class="cell-pill failed">✗ FAILED</span></span></li>
    <li data-v-bcce6923="" class="matrix-row"><span data-v-bcce6923="" class="col-post">Three days in the Missouri Ozarks</span><span data-v-bcce6923="" class="col-cell"><span data-v-bcce6923="" class="cell-pill live">✓ LIVE</span></span><span data-v-bcce6923="" class="col-cell"><span data-v-bcce6923="" class="cell-pill off">— NOT POSTED</span></span><span data-v-bcce6923="" class="col-cell"><span data-v-bcce6923="" class="cell-pill off">— NOT POSTED</span></span><span data-v-bcce6923="" class="col-cell"><span data-v-bcce6923="" class="cell-pill queued">• QUEUED</span></span></li>
  </ul>
</div>"
`;
